// Jest Snapshot v1, https://goo.gl/fbAQLP

exports[`screens/LoginScreen renders without errors 1`] = `
<View
  style={
    Object {
      "alignItems": "center",
      "backgroundColor": "#eeeeff",
      "flex": 1,
      "justifyContent": "center",
      "paddingTop": 20,
    }
  }
>
  <View
    style={
      Object {
        "padding": 5,
      }
    }
  >
    <Text
      accessible={true}
      allowFontScaling={true}
      ellipsizeMode="tail"
      style={
        Object {
          "fontSize": 30,
        }
      }
    >
      Authentication
    </Text>
  </View>
  <Connect(LoginForm) />
</View>
`;
